exports[`Doc Chomp makes ethical decisions about your whitespace is open to tab indentation 1`] = `
"This document is indented with tabs!

* Tabs are uniform
	* Tabs adjust to viewer\'s preferences
	* Tabs can mislead when attempting to align to syntax

What fun.
"
`;

exports[`Doc Chomp makes ethical decisions about your whitespace likes space indentation 1`] = `
"This document is indented with spaces!

* Spaces are flexible and versatile
  * Spaces are ubiquitous
  * Spaces are not everything

These are Doc Chomp\'s mentor\'s preferred type of indentation.
"
`;
